GOOD: subsequent lines are concatenated and newline is ignored

