What do you want 4 / 0 to be? 4/0 = 42 
What do you want 3 % 0 to be? 3%0 = 54 

